Microsoft (R) Macro Assembler Version 14.28.29913.0	    06/05/21 19:31:53
0String Primitives & MACROs     (Proj6_byrdr.asm	     Page 1 - 1


				TITLE String Primitives & MACROs     (Proj6_byrdr.asm)

				; Author: Ravonne Byrd
				; Last Modified: June 4, 2021
				; OSU email address: byrdr@oregonstate.edu
				; Course number/section:   CS271 Section 400
				; Project Number:  6               Due Date: June 6, 2021
				; Description: This program uses asks a user to input a10 valid, in range values, as strings. This program will then
				;              convert those strings to actual integers. Yet it will display back the 10 numbers, their sum, and truncated average
				;              back to the user as strings again. This program utilizes string primitives and macros to do this work. 

				INCLUDE Irvine32.inc
			      C ; Include file for Irvine32.lib             (Irvine32.inc)
			      C 
			      C ;OPTION CASEMAP:NONE		; optional: make identifiers case-sensitive
			      C 
			      C INCLUDE SmallWin.inc		; MS-Windows prototypes, structures, and constants
			      C .NOLIST
			      C .LIST
			      C 
			      C INCLUDE VirtualKeys.inc
			      C ; VirtualKeys.inc
			      C .NOLIST
			      C .LIST
			      C 
			      C 
			      C .NOLIST
			      C .LIST
			      C 

				;-----------------------------------------------------------------------------------------------------------
				; Name: mGetString
				;
				; This MACRO processes strings by using Irvine's ReadString 
				;   to get user input.
				;
				; Preconditions:    Uses and restores edx, ecx, eax
				;                   Uses mDisplayString - which cannot accept argument using edx. 
				;
				; Postconditions: None
				;
				; Receives:
				;           offsetPrompt                = reference input parameter, prompt string array
				;           offsetUserInputStorage      = reference output parameter, user entered string 
				;           maxArray                    = value input parameter, max size of array allowed for input
				;           lengthInput                 = reference output parameter, actual size, in bytes, of input
				;
				; Returns:
				;            offsetUserInputStorage      = reference output parameter, user entered string
				;            lengthInput                 = reference output parameter, actual size, in bytes, of user input
				;-------------------------------------------------------------------------------------------------------------
				mGetString MACRO offsetPrompt:REQ, offsetUserInputStorage:REQ, maxArray:REQ, lengthInput:REQ
				    push    edx
				    push    ecx
				    push    eax

				    ; display prompt
				    mDisplayString  offsetPrompt

				    ; get user input
				    mov     edx, offsetUserInputStorage
				    mov     ecx, maxArray
				    call    ReadString
				    mov     DWORD PTR [lengthInput], eax

				    pop     eax
				    pop     ecx
				    pop     edx
				ENDM

				;---------------------------------------------------------------------------
				; Name: mDisplayString
				;
				; This MACRO uses Irvine's WriteString to print a memory addressed string.
				;
				; Preconditions: Do not use edx as an argument.
				;
				; Postconditions: edx (used and restored)
				;
				; Receives:
				;           offsetString = reference input parameter, string array address
				;
				; Returns: None
				;--------------------------------------------------------------------------
				mDisplayString MACRO offsetString:REQ
				    push    edx
				    mov     edx, offsetString
				    call    WriteString
				    pop     edx
				ENDM


				; constant definitions
 = 80000000			LO_INT_SDWORD       =   2147483648
 = 7FFFFFFF			HI_INT_SDWORD       =   2147483647

 = 00000030			LO_ASCII_DEC_NUM    =   48
 = 00000039			HI_ASCII_DEC_NUM    =   57

 = 0000002D			NEG_SIGN            =   45
 = 0000002B			POS_SIGN            =   43
 = 0000003F			QUESTION            =   63

 = 00000000			ZERO                =   0
 = 00000001			ONE                 =   1
 = 00000009			NINE                =   9
 = 0000000A			TEN                 =   10
 = 0000000F			FIFTEEN             =   15
 = 00000030			FORTY_EIGHT         =   48

 00000000			.data
				    ; string array variables
 00000000 4C 6F 77 65 72	    programTitle                BYTE        "Lower-Level I/O Procedures for Numerical Strings by Ravonne Byrd",0
	   2D 4C 65 76 65
	   6C 20 49 2F 4F
	   20 50 72 6F 63
	   65 64 75 72 65
	   73 20 66 6F 72
	   20 4E 75 6D 65
	   72 69 63 61 6C
	   20 53 74 72 69
	   6E 67 73 20 62
	   79 20 52 61 76
	   6F 6E 6E 65 20
	   42 79 72 64 00
 00000041 49 66 20 79 6F	    programDescription          BYTE        "If you input 10 integers that can each fit in range [-2147483648, 2147483647] (inclusive),",13,10,
	   75 20 69 6E 70
	   75 74 20 31 30
	   20 69 6E 74 65
	   67 65 72 73 20
	   74 68 61 74 20
	   63 61 6E 20 65
	   61 63 68 20 66
	   69 74 20 69 6E
	   20 72 61 6E 67
	   65 20 5B 2D 32
	   31 34 37 34 38
	   33 36 34 38 2C
	   20 32 31 34 37
	   34 38 33 36 34
	   37 5D 20 28 69
	   6E 63 6C 75 73
	   69 76 65 29 2C
	   0D 0A 74 68 69
	   73 20 70 72 6F
	   67 72 61 6D 20
	   77 69 6C 6C 20
	   64 69 73 70 6C
	   61 79 20 74 68
	   61 74 20 6C 69
	   73 74 20 6F 66
	   20 69 6E 74 65
	   67 65 72 73 2C
	   20 61 73 20 77
	   65 6C 6C 20 61
	   73 20 72 65 70
	   6F 72 74 20 62
	   61 63 6B 20 74
	   68 65 69 72 20
	   73 75 6D 20 61
	   6E 64 20 72 6F
	   75 6E 64 65 64
	   20 61 76 65 72
	   61 67 65 2E 0D
	   0A 45 6E 74 65
	   72 20 6E 6F 20
	   6D 6F 72 65 20
	   74 68 61 6E 20
	   31 30 20 64 69
	   67 69 74 73 20
	   70 65 72 20 69
	   6E 74 65 67 65
	   72 2E 20 31 31
	   20 63 68 61 72
	   61 63 74 65 72
	   73 20 69 73 20
	   6F 6B 20 69 66
	   20 75 73 69 6E
	   67 20 61 20 6C
	   65 61 64 69 6E
	   67 20 73 69 67
	   6E 20 28 2B 20
	   2D 29 2E 20 41
	   6C 73 6F 2C 20
	   6E 6F 20 65 78
	   74 72 61 20 73
	   70 61 63 65 73
	   2E 0D 0A 00
				                                            "this program will display that list of integers, as well as report back their sum and rounded average.",13,10,
				                                            "Enter no more than 10 digits per integer. 11 characters is ok if using a leading sign (+ -). Also, no extra spaces.",13,10,0
 0000017B 50 6C 65 61 73	    userPrompt                  BYTE        "Please enter your integer: ",0
	   65 20 65 6E 74
	   65 72 20 79 6F
	   75 72 20 69 6E
	   74 65 67 65 72
	   3A 20 00
 00000197 54 72 79 20 61	    secondUserPrompt            BYTE        "Try again: ",0
	   67 61 69 6E 3A
	   20 00
 000001A3 45 52 52 4F 52	    errorMessage                BYTE        "ERROR: Are you sure that was an integer? Or maybe it was too large for 32-bits.",13,10,0
	   3A 20 41 72 65
	   20 79 6F 75 20
	   73 75 72 65 20
	   74 68 61 74 20
	   77 61 73 20 61
	   6E 20 69 6E 74
	   65 67 65 72 3F
	   20 4F 72 20 6D
	   61 79 62 65 20
	   69 74 20 77 61
	   73 20 74 6F 6F
	   20 6C 61 72 67
	   65 20 66 6F 72
	   20 33 32 2D 62
	   69 74 73 2E 0D
	   0A 00
 000001F5 59 6F 75 20 65	    userEntered                 BYTE        "You entered: ",0
	   6E 74 65 72 65
	   64 3A 20 00
 00000203 54 68 65 69 72	    userSum                     BYTE        "Their sum: ",0
	   20 73 75 6D 3A
	   20 00
 0000020F 54 68 65 69 72	    userAverage                 BYTE        "Their average: ",0
	   20 61 76 65 72
	   61 67 65 3A 20
	   00
 0000021F 54 68 61 6E 6B	    goodbyeMessage              BYTE        "Thank you for your participation, and please enjoy your day.",13,10,0
	   20 79 6F 75 20
	   66 6F 72 20 79
	   6F 75 72 20 70
	   61 72 74 69 63
	   69 70 61 74 69
	   6F 6E 2C 20 61
	   6E 64 20 70 6C
	   65 61 73 65 20
	   65 6E 6A 6F 79
	   20 79 6F 75 72
	   20 64 61 79 2E
	   0D 0A 00

				    ; variables for user input
 0000025E  0000000F [		    userNum                     BYTE        FIFTEEN DUP(?)          ; user input buffer
	    00
	   ]
 0000026D 0000000F		    maxCharUserNum              DWORD       SIZEOF userNum          ; max size of userNum
 00000271 00000000		    byteCount                   DWORD       ?                       ; holds count of actual bytes used in userNum

				    ; ReadVal procedure variables
 00000275 00000000		    negate                      DWORD       ZERO                    ; boolean
 00000279 00000000		    tempHoldAL                  SDWORD      ZERO
				    
				    ; main procedure loop variables
 0000027D  0000000A [		    intArray                    SDWORD      TEN DUP(?)
	    00000000
	   ]
 000002A5 0000000A		    lengthIntArray              SDWORD      LENGTHOF intArray
 000002A9 00000004		    typeIntArray                SDWORD      TYPE intArray

 000002AD 00000000		    sum                         SDWORD      ?
 000002B1 00000000		    average                     SDWORD      ?
 000002B5 2C 20 00		    comma                       BYTE        ", ",0
 000002B8  0000000F [		    inString                    BYTE        FIFTEEN DUP(?)
	    00
	   ]
 000002C7  0000000F [		    outString                   BYTE        FIFTEEN DUP(?)
	    00
	   ]
 000002D6 00000000		    intLength                   DWORD       0

 00000000			.code
 00000000			main PROC
				;--------------------------------------------------------------
				; A. Introduction
				;--------------------------------------------------------------
 00000000  68 00000000 R	    push    offset programTitle
 00000005  68 00000041 R	    push    offset programDescription
 0000000A  E8 0000013A		    call    Introduction

				;--------------------------------------------------------------
				; B. Retrieving user input
				;--------------------------------------------------------------
				    ;--------------------------------------------------------------
				    ; This loop gets ten valid signed integers from the user.
				    ;   It will store these integers in the array, intArray.
				    ;--------------------------------------------------------------
				    ; set up for _getInputLoop
 0000000F  B9 0000000A		    mov     ecx, LENGTHOF intArray
 00000014  BF 0000027D R	    mov     edi, offset intArray

 00000019			_getInputLoop: 
 00000019  68 00000279 R	    push    offset tempHoldAL
 0000001E  68 000001A3 R	    push    offset errorMessage
 00000023  68 00000275 R	    push    offset negate
 00000028  68 00000197 R	    push    offset secondUserPrompt
 0000002D  57			    push    edi
 0000002E  68 0000017B R	    push    offset userPrompt
 00000033  68 0000025E R	    push    offset userNum
 00000038  FF 35 0000026D R	    push    maxCharUserNum
 0000003E  68 00000271 R	    push    offset byteCount
 00000043  E8 00000132		    call    ReadVal

				    ; increment edi            
 00000048  03 3D 000002A9 R	    add     edi, typeIntArray          

 0000004E  E2 C9		    LOOP    _getInputLoop

				;--------------------------------------------------------------
				; C. Display to the user their list of ten valid integers.
				;--------------------------------------------------------------
				    ; Display Prompt
 00000050  E8 00000000 E	    call    CrLf
 00000055  B8 000001F5 R	    mov     eax, offset userEntered
				    mDisplayString  eax
 0000005A  52		     1	    push    edx
 0000005B  8B D0	     1	    mov     edx, eax
 0000005D  E8 00000000 E     1	    call    WriteString
 00000062  5A		     1	    pop     edx

				    ;--------------------------------------------------------------
				    ; This loop displays the integers from intArray as ASCII  
				    ;   strings, using the WriteVal procedure.
				    ;--------------------------------------------------------------
				    ; set up for _displayIntArrayASCII
 00000063  8B 0D 000002A5 R	    mov     ecx, lengthIntArray
 00000069  BE 0000027D R	    mov     esi, offset intArray
 0000006E  BB 00000000		    mov     ebx, ZERO

 00000073			_displayIntArrayASCII:
				    ; put element (int) into eax
 00000073  8B 06		    mov     eax, [esi]

				    ; Write integer as ASCII
 00000075  68 000002D6 R	    push    offset  intLength
 0000007A  68 000002C7 R	    push    offset  outString
 0000007F  68 000002B8 R	    push    offset  inString
 00000084  50			    push    eax
 00000085  E8 000001DE		    call    WriteVal

 0000008A  83 FB 09		    cmp     ebx, NINE
 0000008D  74 0E		    je      _noComma
				    ; Inserting comma after number
 0000008F  B8 000002B5 R	    mov     eax, offset comma
				    mDisplayString  eax
 00000094  52		     1	    push    edx
 00000095  8B D0	     1	    mov     edx, eax
 00000097  E8 00000000 E     1	    call    WriteString
 0000009C  5A		     1	    pop     edx

 0000009D			_noComma:
				    ; increment esi and ebx
 0000009D  43			    inc     ebx
 0000009E  83 C6 04		    add     esi, TYPE intArray
 000000A1  E2 D0		    LOOP    _displayIntArrayASCII

				;--------------------------------------------------------------
				; D. Display to the user the sum
				;--------------------------------------------------------------
				    ; Calculate sum
 000000A3  FF 35 000002A5 R	    push    lengthIntArray
 000000A9  FF 35 000002A9 R	    push    typeIntArray
 000000AF  68 000002AD R	    push    offset sum
 000000B4  68 0000027D R	    push    offset intArray
 000000B9  E8 00000263		    call    CalculateSum

				    ; Display prompt
 000000BE  E8 00000000 E	    call    CrLf
 000000C3  B8 00000203 R	    mov     eax, offset userSum
				    mDisplayString  eax
 000000C8  52		     1	    push    edx
 000000C9  8B D0	     1	    mov     edx, eax
 000000CB  E8 00000000 E     1	    call    WriteString
 000000D0  5A		     1	    pop     edx

				    ; Display sum
 000000D1  68 000002D6 R	    push    offset  intLength
 000000D6  68 000002C7 R	    push    offset  outString
 000000DB  68 000002B8 R	    push    offset  inString
 000000E0  FF 35 000002AD R	    push    sum
 000000E6  E8 0000017D		    call    WriteVal

				;--------------------------------------------------------------
				; E. Display to the user the rounded average.
				;--------------------------------------------------------------
				    ; Calculate average
 000000EB  FF 35 000002A5 R	    push    lengthIntArray
 000000F1  FF 35 000002AD R	    push    sum
 000000F7  68 000002B1 R	    push    offset average
 000000FC  E8 00000246		    call    CalculateAverage

				    ; Display prompt
 00000101  E8 00000000 E	    call    CrLf
 00000106  B8 0000020F R	    mov     eax, offset userAverage
				    mDisplayString  eax
 0000010B  52		     1	    push    edx
 0000010C  8B D0	     1	    mov     edx, eax
 0000010E  E8 00000000 E     1	    call    WriteString
 00000113  5A		     1	    pop     edx

				    ; Display average
 00000114  68 000002D6 R	    push    offset  intLength
 00000119  68 000002C7 R	    push    offset  outString
 0000011E  68 000002B8 R	    push    offset  inString
 00000123  FF 35 000002B1 R	    push    average
 00000129  E8 0000013A		    call    WriteVal

				;--------------------------------------------------------------
				; F. Goodbye
				;--------------------------------------------------------------
 0000012E  E8 00000000 E	    call    CrLf
 00000133  E8 00000000 E	    call    CrLf
 00000138  68 0000021F R	    push    offset goodbyeMessage
 0000013D  E8 00000220		    call    Goodbye

				    Invoke ExitProcess,0	; exit to operating system
 00000142  6A 00	   *	    push   +000000000h
 00000144  E8 00000000 E   *	    call   ExitProcess
 00000149			main ENDP

				;---------------------------------------------------------------------------------
				; Name: Introduction
				;
				; This procedure displays the program's title, author, and description
				;   to the user.
				;
				; Preconditions: Uses mDisplayString - which cannot accept argument using edx. 
				;
				; Postconditions: None
				;
				; Receives:
				;           [ebp+16] = reference of string input parameter - program's title
				;           [ebp+12] = reference of string input parameter - program's description
				;
				; Returns: None
				;-----------------------------------------------------------------------------------
 00000149			Introduction PROC USES edx
 00000149  52		   *	    push   edx
 0000014A  55			    push    ebp
 0000014B  8B EC		    mov     ebp, esp

 0000014D  E8 00000000 E	    call                CrLf
				    mDisplayString      [ebp+16]
 00000152  52		     1	    push    edx
 00000153  8B 55 10	     1	    mov     edx, [ebp+16]
 00000156  E8 00000000 E     1	    call    WriteString
 0000015B  5A		     1	    pop     edx
 0000015C  E8 00000000 E	    call                CrLf
 00000161  E8 00000000 E	    call                CrLf
				    mDisplayString      [ebp+12]
 00000166  52		     1	    push    edx
 00000167  8B 55 0C	     1	    mov     edx, [ebp+12]
 0000016A  E8 00000000 E     1	    call    WriteString
 0000016F  5A		     1	    pop     edx
 00000170  E8 00000000 E	    call                CrLf

 00000175  5D			    pop     ebp
 00000176  5A		   *	    pop    edx
 00000177  C2 0008		    RET     8
 0000017A			Introduction EndP

				;----------------------------------------------------------------------------------------------------
				; Name: ReadVal
				;
				; This procedure uses mGetString to prompt the user for a number, which is stored in memory as
				;   a string. It then uses an algorithm to check that the number the user has inputted is indeed a
				;   number, and validates that it is within range. The procedure returns the string as a signed integer.
				;
				; Preconditions: Uses and restores eax ecx edx esi ebx
				;               Uses mGetString, which uses and restores edx, ecx.
				;
				; Postconditions: None
				;
				; Receives:
				;           [ebp+60]    =   reference output parameter, tempHoldAL
				;           [ebp+56]    =   reference input parameter, error message
				;           [ebp+52]    =   reference output parameter, negate
				;           [ebp+48]    =   reference input parameter, try again prompt
				;           [ebp+44]    =   reference output parameter, memory location for integer in array
				;       Primarily for mGetString:
				;           [ebp+40]    =   reference input parameter, prompt string array
				;           [ebp+36]    =   reference output parameter, user entered string 
				;           [ebp+32]    =   value input parameter, max size of array allowed for input
				;           [ebp+28]    =   reference output parameter, actual size, in bytes, of input
				;
				; Returns:
				;           [ebp+44]    =   reference output parameter, int to add to array of user inputted values
				;-----------------------------------------------------------------------------------------------------
 0000017A			ReadVal PROC USES eax ecx edx esi ebx
 0000017A  50		   *	    push   eax
 0000017B  51		   *	    push   ecx
 0000017C  52		   *	    push   edx
 0000017D  56		   *	    push   esi
 0000017E  53		   *	    push   ebx
 0000017F  55			    push    ebp
 00000180  8B EC		    mov     ebp, esp

 00000182			_firstTry:
				    mGetString      [ebp+40], [ebp+36], [ebp+32], [ebp+28]
 00000182  52		     1	    push    edx
 00000183  51		     1	    push    ecx
 00000184  50		     1	    push    eax
 00000185  52		     2	    push    edx
 00000186  8B 55 28	     2	    mov     edx, [ebp+40]
 00000189  E8 00000000 E     2	    call    WriteString
 0000018E  5A		     2	    pop     edx
 0000018F  8B 55 24	     1	    mov     edx, [ebp+36]
 00000192  8B 4D 20	     1	    mov     ecx, [ebp+32]
 00000195  E8 00000000 E     1	    call    ReadString
 0000019A  89 45 1C	     1	    mov     DWORD PTR [[ebp+28]], eax
 0000019D  58		     1	    pop     eax
 0000019E  59		     1	    pop     ecx
 0000019F  5A		     1	    pop     edx
 000001A0  EB 1E		    jmp     _setUp

				;----------------------------------------------------------------------
				; Jump to _tryAgain instead of _firstTry after an error because _tryAgain 
				;   will display the special error prompt for the user.
				;----------------------------------------------------------------------
 000001A2			_tryAgain:
				    mGetString      [ebp+48], [ebp+36], [ebp+32], [ebp+28]
 000001A2  52		     1	    push    edx
 000001A3  51		     1	    push    ecx
 000001A4  50		     1	    push    eax
 000001A5  52		     2	    push    edx
 000001A6  8B 55 30	     2	    mov     edx, [ebp+48]
 000001A9  E8 00000000 E     2	    call    WriteString
 000001AE  5A		     2	    pop     edx
 000001AF  8B 55 24	     1	    mov     edx, [ebp+36]
 000001B2  8B 4D 20	     1	    mov     ecx, [ebp+32]
 000001B5  E8 00000000 E     1	    call    ReadString
 000001BA  89 45 1C	     1	    mov     DWORD PTR [[ebp+28]], eax
 000001BD  58		     1	    pop     eax
 000001BE  59		     1	    pop     ecx
 000001BF  5A		     1	    pop     edx

				;----------------------------------------------------------------------
				; Setting Up the Conversion Loop
				;   Moving esi to point to the user entered string [ebp+36]
				;   Moving ecx to equal the actual amount bytes in the user string. 
				;----------------------------------------------------------------------
 000001C0			_setUp:
 000001C0  8B 75 24		    mov     esi, [ebp+36]
 000001C3  8B 4D 1C		    mov     ecx, [ebp+28]               

				;----------------------------------------------------------------------
				; Conversion Loop
				;   The first time the loop iterates, it first checks if there is a neg
				;       or pos sign. If there is a neg sign, the loop will deal with  
				;       negating the final output. 
				;   For both neg or pos, must skip arithmetic and jump to end of loop.
				;   After this first iteration, only numbers are allowed...
				;       (i.e. _noSymbolsContinueConversion).
				;   This loop includes validation - that the user inputted string is
				;       indeed a number, and that it's within the correct SDWORD range.
				;   While validating, this loop is creating SDWORD from ASCII values.
				;----------------------------------------------------------------------
 000001C6			_startConversionToSDWORD:
 000001C6  AC			    LODSB
 000001C7  3C 2D		    cmp     AL, NEG_SIGN
 000001C9  74 56		    je      _negate
 000001CB  3C 2B		    cmp     AL, POS_SIGN
 000001CD  74 2C		    je      _continueConversionFromNegPosSign
 000001CF  EB 01		    jmp     _firstPassContinue

 000001D1			_noSymbolsContinueConversion:
 000001D1  AC			    LODSB
 000001D2			_firstPassContinue:
 000001D2  3C 30		    cmp     AL, LO_ASCII_DEC_NUM
 000001D4  72 35		    jb      _error
 000001D6  3C 39		    cmp     AL, HI_ASCII_DEC_NUM
 000001D8  77 31		    ja      _error

				    ;----------------------------------------------------------------------
				    ; Main arithmetic of algorithm 
				    ;   Converts a string into it's SDWORD integer representation.
				    ;   1. First, store offset of tempHoldAl in ebx, then store current
				    ;       value of AL in tempHoldAL, since we need eax for multiplication.
				    ;   2. Next, store offset of numInt in edx, and move current value 
				    ;       of numInt into eax. 
				    ;   3. Multiply eax by 10.
				    ;       Check for any overflow, which is an instant jump to error.
				    ;   4. Add value of tempHoldAl to eax
				    ;   5. Store new numInt value in numInt (not finalized, and is crucial 
				    ;       to arithmetic as long as loop is in effect).
				    ;-----------------------------------------------------------------------
 000001DA  2C 30		    sub     AL, FORTY_EIGHT             ; (AL - 48) - to get non-ASCII value 
 000001DC  8B 5D 3C		    mov     ebx, [ebp+60]               ; 1
 000001DF  88 03		    mov     BYTE PTR [ebx], AL            
 000001E1  8B 55 2C		    mov     edx, [ebp+44]               ; 2
 000001E4  8B 02		    mov     eax, [edx]                   
 000001E6  BA 0000000A		    mov     edx, TEN
 000001EB  F7 EA		    imul    edx                         ; 3
 000001ED  70 1C		    jo      _error
 000001EF  03 03		    add     eax, [ebx]                  ; 4

				    ;-------------------------------------------------------------------------
				    ; Before copying the final value to the array and
				    ;   exiting the loop (when ecx = 0), it is important to check if 
				    ;   the number is actually in SDWORD range.
				    ;   This why we stop once ecx is still 1, and we have final value in eax.
				    ;--------------------------------------------------------------------------
 000001F1  83 F9 01		    cmp     ecx, ONE
 000001F4  74 41		    je      _rangeCheck
 000001F6			_continueConversionFromRangeCheck:
 000001F6  8B 5D 2C		    mov     ebx, [ebp+44]               
 000001F9  89 03		    mov     DWORD PTR [ebx], eax        ; 5
 000001FB			_continueConversionFromNegPosSign:
 000001FB  49			    dec     ecx
 000001FC  83 F9 00		    cmp     ecx, ZERO
 000001FF  77 D0		    ja      _noSymbolsContinueConversion
				    
				    ;-----------------------------------------------------------------------
				    ; After exiting the validation loop:
				    ;   Circles back to negate boolean set inside _negate label.
				    ;   If set (negate = 1), then must perform negation of value.
				    ;   Else, procedure is finished.
				    ;-----------------------------------------------------------------------
 00000201  8B 5D 34		    mov     ebx, [ebp+52]
 00000204  83 3B 01		    cmp     DWORD PTR [ebx], ONE
 00000207  74 23		    je      _performNegate
 00000209  EB 4A		    jmp     _finish

				;----------------------------------------------------------------------
				; Error message
				;   Displays error message, and clears the slate of  
				;       negate, in order to get new attempt at valid user input.
				;----------------------------------------------------------------------
 0000020B			_error:
				    mdisplayString      [ebp+56]
 0000020B  52		     1	    push    edx
 0000020C  8B 55 38	     1	    mov     edx, [ebp+56]
 0000020F  E8 00000000 E     1	    call    WriteString
 00000214  5A		     1	    pop     edx
				    
				    ; clear negate
 00000215  8B 55 34		    mov     edx, [ebp+52]                       
 00000218  BB 00000000		    mov     ebx, ZERO
 0000021D  89 1A		    mov     DWORD PTR [edx], ebx

 0000021F  EB 81		    jmp     _tryAgain

				;----------------------------------------------------------------------
				; If the value held in AL equals a dash (45d or 2dh), then must update
				;   the negation variable boolean. 
				;----------------------------------------------------------------------
 00000221			_negate:
 00000221  8B 5D 34		    mov     ebx, [ebp+52]
 00000224  C7 03 00000001	    mov     DWORD PTR [ebx], ONE
 0000022A  EB CF		    jmp     _continueConversionFromNegPosSign

				;----------------------------------------------------------------------
				; After loop has run and value is valid but needs negation,
				;   this section actually performs the negation required for value.
				;----------------------------------------------------------------------
 0000022C			_performNegate:
 0000022C  8B 5D 2C		    mov     ebx, [ebp+44]
 0000022F  8B 13		    mov     edx, [ebx]
 00000231  F7 DA		    neg     edx
 00000233  89 13		    mov     SDWORD PTR [ebx], edx
 00000235  EB 1E		    jmp     _finish

				;------------------------------------------------------------------------
				; Range Check
				;   Checking that final eax value generated from algorithm is within SDWORD 
				;   range. Perform this check while still in algorithm loop (ecx = 1), but
				;   at end of computation algorithm, before storing in numInt. 
				;   Before checking range, must first check negate variable boolean 
				;   to see which check to perform (either for a positive or negative number)
				;       If true, jump to _checkRangeNegative.
				;       If false, jump to _checkRangePositive.
				;   Once complete either jump to error or jump to finish out the
				;       validation loop.
				;------------------------------------------------------------------------
 00000237			_RangeCheck:
 00000237  8B 5D 34		    mov     ebx, [ebp+52]                   
 0000023A  8B 1B		    mov     ebx, [ebx]
 0000023C  83 FB 01		    cmp     ebx, ONE
 0000023F  74 02		    je      _checkRangeNegative
 00000241  EB 09		    jmp     _checkRangePositive

 00000243			_checkRangeNegative:
 00000243  3D 80000000		    cmp     eax, LO_INT_SDWORD
 00000248  77 C1		    ja      _error
 0000024A  EB AA		    jmp     _continueConversionFromRangeCheck

 0000024C			_checkRangePositive:
 0000024C  3D 7FFFFFFF		    cmp     eax, HI_INT_SDWORD
 00000251  77 B8		    ja      _error
 00000253  EB A1		    jmp     _continueConversionFromRangeCheck

 00000255			_finish:
				    ; clear negate
 00000255  8B 55 34		    mov     edx, [ebp+52]                       
 00000258  BB 00000000		    mov     ebx, ZERO
 0000025D  89 1A		    mov     DWORD PTR [edx], ebx

 0000025F  5D			    pop     ebp
 00000260  5B		   *	    pop    ebx
 00000261  5E		   *	    pop    esi
 00000262  5A		   *	    pop    edx
 00000263  59		   *	    pop    ecx
 00000264  58		   *	    pop    eax
 00000265  C2 0024		    RET     36
 00000268			ReadVal EndP

				;--------------------------------------------------------------------------------
				; Name: WriteVal
				;
				; This procedure converts an SDWORD integer to its string ASCII representation.
				;   It will then print the numeric ASCII string
				;
				; Preconditions: 
				;               Uses mDisplayString to print the ASCII string, which cannot
				;                   accept input via edx.
				;
				; Postconditions: None
				;
				; Receives:
				;           [ebp+44]   =   reference output parameter, string length
				;           [ebp+40]   =   reference output parameter, ASCII string, outString
				;           [ebp+36]   =   reference output parameter, string BYTE array, inString
				;           [ebp+32]   =   value input parameter, the SDWORD value to be converted
				;
				; Returns: None
				;---------------------------------------------------------------------------------
 00000268			WriteVal PROC USES eax edx ebx ecx edi esi
 00000268  50		   *	    push   eax
 00000269  52		   *	    push   edx
 0000026A  53		   *	    push   ebx
 0000026B  51		   *	    push   ecx
 0000026C  57		   *	    push   edi
 0000026D  56		   *	    push   esi
 0000026E  55			    push    ebp
 0000026F  8B EC		    mov     ebp, esp

				;-------------------------------------------
				; Check if value is negative
				;   If so, set the negate boolean
				;-------------------------------------------
 00000271  8B 45 20		    mov     eax, [ebp+32]
 00000274  83 C0 00		    add     eax, ZERO
 00000277  78 35		    js      _negativeSetUp

				;-------------------------------------------------------
				; Conversion Loops
				;   These conversions rely on dividing the SDWORD by 10
				;       to isolate in order digits, from right to left.
				;   Once isolated (as a remainder in edx), add 48 to get
				;       the digit's ASCII representation. 
				;   Negative SDWORDS handled separately since with IDIV,
				;       the remainder keep the sign of the dividend 
				;       (which could cause problems when adding 48).
				;   Both loops begin by adding the null terminator first.
				;--------------------------------------------------------
				    ; set up edi to point to empty array
 00000279  8B 7D 24		    mov     edi, [ebp+36]
 0000027C			_startConversionToPositiveASCII:
 0000027C  50			    push    eax
 0000027D  B0 00		    mov     AL, ZERO
 0000027F  AA			    STOSB
 00000280  58			    pop     eax
				    ;--------------------------------------------
				    ; Update count of string length
				    ;--------------------------------------------
 00000281  8B 4D 2C		    mov     ecx, [ebp+44]
 00000284  8B 11		    mov     edx, [ecx]
 00000286  42			    inc     edx
 00000287  89 11		    mov     DWORD PTR [ecx], edx

 00000289			_followingConversionLoops:
 00000289  BB 0000000A		    mov     ebx, TEN
 0000028E  99			    cdq
 0000028F  F7 FB		    idiv    ebx
				    ;--------------------------------------------
				    ; Save Quotient in eax temporarily to ebx,
				    ;   since we need AL for STOSB. Then restore
				    ;--------------------------------------------
 00000291  8B D8		    mov     ebx, eax
 00000293  B9 00000030		    mov     ecx, FORTY_EIGHT
 00000298  03 D1		    add     edx, ecx
 0000029A  8A C2		    mov     AL, DL
 0000029C  AA			    STOSB
 0000029D  8B C3		    mov     eax, ebx

				    ;--------------------------------------------
				    ; Update count of string length
				    ;--------------------------------------------
 0000029F  8B 4D 2C		    mov     ecx, [ebp+44]
 000002A2  8B 11		    mov     edx, [ecx]
 000002A4  42			    inc     edx
 000002A5  89 11		    mov     DWORD PTR [ecx], edx

 000002A7  83 F8 00		    cmp     eax, ZERO
 000002AA  75 DD		    jne     _followingConversionLoops
 000002AC  EB 42		    jmp     _reverseString

 000002AE			_negativeSetUp:
				    ; set up edi to point to empty array
 000002AE  8B 7D 24		    mov     edi, [ebp+36]

 000002B1			_startConversionToNegativeASCII:
 000002B1  50			    push    eax
 000002B2  B0 00		    mov     AL, ZERO
 000002B4  AA			    STOSB
 000002B5  58			    pop     eax
				    ;--------------------------------------------
				    ; Update count of string length
				    ;--------------------------------------------
 000002B6  8B 4D 2C		    mov     ecx, [ebp+44]
 000002B9  8B 11		    mov     edx, [ecx]
 000002BB  42			    inc     edx
 000002BC  89 11		    mov     DWORD PTR [ecx], edx

 000002BE			_followingConversionLoopsNeg:
 000002BE  BB 0000000A		    mov     ebx, TEN
 000002C3  99			    cdq
 000002C4  F7 FB		    idiv    ebx
				    ;--------------------------------------------
				    ; Save Quotient in eax temporarily to ebx,
				    ;   since we need AL for STOSB. Then restore.
				    ;   For Neg SDWORDS, must negate edx to add.
				    ;--------------------------------------------
 000002C6  8B D8		    mov     ebx, eax
 000002C8  B9 00000030		    mov     ecx, FORTY_EIGHT
 000002CD  F7 DA		    neg     edx
 000002CF  03 D1		    add     edx, ecx
 000002D1  8A C2		    mov     AL, DL
 000002D3  AA			    STOSB
 000002D4  8B C3		    mov     eax, ebx

				    ;--------------------------------------------
				    ; Update count of string length
				    ;--------------------------------------------
 000002D6  8B 4D 2C		    mov     ecx, [ebp+44]
 000002D9  8B 11		    mov     edx, [ecx]
 000002DB  42			    inc     edx
 000002DC  89 11		    mov     DWORD PTR [ecx], edx

				    ;--------------------------------------------
				    ; Once eax is zero, can exit loop
				    ;--------------------------------------------
 000002DE  83 F8 00		    cmp     eax, ZERO
 000002E1  75 DB		    jne     _followingConversionLoopsNeg
 000002E3  B0 2D		    mov     AL, NEG_SIGN
 000002E5  AA			    STOSB
				    ;--------------------------------------------
				    ; Update count of string length, to
				    ;   account for the negative sign
				    ;--------------------------------------------
 000002E6  8B 4D 2C		    mov     ecx, [ebp+44]
 000002E9  8B 11		    mov     edx, [ecx]
 000002EB  42			    inc     edx
 000002EC  89 11		    mov     DWORD PTR [ecx], edx
 000002EE  EB 00		    jmp     _reverseString

				;-----------------------------------------------------------
				; Reverse String
				;    String must be reversed in order to display correctly
				;-----------------------------------------------------------
 000002F0			_reverseString:
 000002F0  8B 4D 2C		    mov     ecx, [ebp+44]
 000002F3  8B 09		    mov     ecx, [ecx]
 000002F5  8B 75 24		    mov     esi, [ebp+36]
 000002F8  03 F1		    add     esi, ecx
 000002FA  4E			    dec     esi
 000002FB  8B 7D 28		    mov     edi, [ebp+40]

 000002FE			_reverseLoop:
 000002FE  FD			    STD
 000002FF  AC			    LODSB
 00000300  FC			    CLD
 00000301  AA			    STOSB
 00000302  E2 FA		    LOOP    _reverseLoop

 00000304			_printString:
				    mDisplayString  [ebp+40]
 00000304  52		     1	    push    edx
 00000305  8B 55 28	     1	    mov     edx, [ebp+40]
 00000308  E8 00000000 E     1	    call    WriteString
 0000030D  5A		     1	    pop     edx

 0000030E			_finish:
				    ;--------------------------------------------
				    ; Reset count of string length
				    ;--------------------------------------------
 0000030E  8B 4D 2C		    mov     ecx, [ebp+44]
 00000311  C7 01 00000000	    mov     DWORD PTR [ecx], ZERO

 00000317  5D			    pop     ebp
 00000318  5E		   *	    pop    esi
 00000319  5F		   *	    pop    edi
 0000031A  59		   *	    pop    ecx
 0000031B  5B		   *	    pop    ebx
 0000031C  5A		   *	    pop    edx
 0000031D  58		   *	    pop    eax
 0000031E  C2 0010		    RET     16
 00000321			WriteVal EndP

				;---------------------------------------------------------------------------------
				; Name: CalculateSum
				;
				; This procedure calculates the sum of an integer array.
				;
				; Preconditions: The array must be of TYPE SDWORD
				;
				; Postconditions: None
				;
				; Receives:
				;           [ebp+36]    =   value input parameter, lengthIntArray
				;           [ebp+32]    =   value input parameter, typeIntArray
				;           [ebp+28]    =   reference output parameter, sum
				;           [ebp+24]    =   reference input parameter, intArray
				;
				; Returns:
				;           [ebp+28]    =   reference output parameter, sum
				;-----------------------------------------------------------------------------------
 00000321			CalculateSum PROC USES ecx esi ebx edx
 00000321  51		   *	    push   ecx
 00000322  56		   *	    push   esi
 00000323  53		   *	    push   ebx
 00000324  52		   *	    push   edx
 00000325  55			    push    ebp
 00000326  8B EC		    mov     ebp, esp

				    ;--------------------------------------------------------------
				    ; This loop calculates the sum of an SDWORD array.
				    ;--------------------------------------------------------------
				    ; set up for _summation
 00000328  8B 4D 24		    mov     ecx, [ebp+36]
 0000032B  8B 75 18		    mov     esi, [ebp+24]
 0000032E  BB 00000000		    mov     ebx, ZERO

 00000333			_summation:
 00000333  03 1E		    add     ebx, [esi]

				    ; increment esi
 00000335  03 75 20		    add     esi, [ebp+32]
 00000338  E2 F9		    LOOP    _summation

 0000033A  8B 55 1C		    mov     edx, [ebp+28]
 0000033D  89 1A		    mov     SDWORD PTR [edx], ebx

 0000033F  5D			    pop     ebp
 00000340  5A		   *	    pop    edx
 00000341  5B		   *	    pop    ebx
 00000342  5E		   *	    pop    esi
 00000343  59		   *	    pop    ecx
 00000344  C2 0010		    RET     16
 00000347			CalculateSum EndP

				;---------------------------------------------------------------------------------
				; Name: CalculateAverage
				;
				; This procedure calculates the average of an integer array.
				;
				; Preconditions: The array must be of TYPE SDWORD.
				;
				; Postconditions: None
				;
				; Receives:
				;           [ebp+28]    =   value input parameter, lengthIntArray
				;           [ebp+24]    =   value input parameter, sum
				;           [ebp+20]    =   reference output parameter, average
				;
				; Returns:
				;           [ebp+20]    =   reference output parameter, average
				;-----------------------------------------------------------------------------------
 00000347			CalculateAverage PROC USES eax edx ebx
 00000347  50		   *	    push   eax
 00000348  52		   *	    push   edx
 00000349  53		   *	    push   ebx
 0000034A  55			    push    ebp
 0000034B  8B EC		    mov     ebp, esp

				    ; divide sum by length of array
 0000034D  8B 45 18		    mov     eax, [ebp+24]
 00000350  8B 5D 1C		    mov     ebx, [ebp+28]
 00000353  99			    cdq
 00000354  F7 FB		    idiv    ebx

				    ; store result in average
 00000356  8B 5D 14		    mov     ebx, [ebp+20]
 00000359  89 03		    mov     SDWORD  PTR [ebx], eax

 0000035B  5D			    pop     ebp
 0000035C  5B		   *	    pop    ebx
 0000035D  5A		   *	    pop    edx
 0000035E  58		   *	    pop    eax
 0000035F  C2 000C		    RET     12
 00000362			CalculateAverage EndP

				;-----------------------------------------------------------------------------
				; Name: Goodbye
				;
				; This procedure terminates program with a goodbye message.
				;
				; Preconditions: Uses mDisplayString - which cannot accept argument using edx. 
				;
				; Postconditions: None
				;
				; Receives:
				;           [ebp+12] = reference of string input parameter - program's goodbye
				;
				; Returns: None
				;------------------------------------------------------------------------------
 00000362			Goodbye PROC USES edx
 00000362  52		   *	    push   edx
 00000363  55			    push    ebp
 00000364  8B EC		    mov     ebp, esp

				    mDisplayString      [ebp+12]
 00000366  52		     1	    push    edx
 00000367  8B 55 0C	     1	    mov     edx, [ebp+12]
 0000036A  E8 00000000 E     1	    call    WriteString
 0000036F  5A		     1	    pop     edx

 00000370  5D			    pop     ebp
				    RET
 00000371  5A		   *	    pop    edx
 00000372  C3		   *	    ret    00000h
 00000373			Goodbye EndP

				END main
Microsoft (R) Macro Assembler Version 14.28.29913.0	    06/05/21 19:31:53
0String Primitives & MACROs     (Proj6_byrdr.asm	     Symbols 2 - 1




Macros:

                N a m e                 Type

mDisplayString . . . . . . . . .	Proc
mGetString . . . . . . . . . . .	Proc


Structures and Unions:

                N a m e                  Size
                                         Offset      Type

CONSOLE_CURSOR_INFO  . . . . . .	 00000008
  dwSize . . . . . . . . . . . .	 00000000	 DWord
  bVisible . . . . . . . . . . .	 00000004	 DWord
CONSOLE_SCREEN_BUFFER_INFO . . .	 00000016
  dwSize . . . . . . . . . . . .	 00000000	 DWord
  dwCursorPosition . . . . . . .	 00000004	 DWord
  wAttributes  . . . . . . . . .	 00000008	 Word
  srWindow . . . . . . . . . . .	 0000000A	 QWord
  dwMaximumWindowSize  . . . . .	 00000012	 DWord
COORD  . . . . . . . . . . . . .	 00000004
  X  . . . . . . . . . . . . . .	 00000000	 Word
  Y  . . . . . . . . . . . . . .	 00000002	 Word
FILETIME . . . . . . . . . . . .	 00000008
  loDateTime . . . . . . . . . .	 00000000	 DWord
  hiDateTime . . . . . . . . . .	 00000004	 DWord
FOCUS_EVENT_RECORD . . . . . . .	 00000004
  bSetFocus  . . . . . . . . . .	 00000000	 DWord
FPU_ENVIRON  . . . . . . . . . .	 0000001C
  controlWord  . . . . . . . . .	 00000000	 Word
  statusWord . . . . . . . . . .	 00000004	 Word
  tagWord  . . . . . . . . . . .	 00000008	 Word
  instrPointerOffset . . . . . .	 0000000C	 DWord
  instrPointerSelector . . . . .	 00000010	 DWord
  operandPointerOffset . . . . .	 00000014	 DWord
  operandPointerSelector . . . .	 00000018	 Word
INPUT_RECORD . . . . . . . . . .	 00000014
  EventType  . . . . . . . . . .	 00000000	 Word
  Event  . . . . . . . . . . . .	 00000004	 XmmWord
  bKeyDown . . . . . . . . . . .	 00000000	 DWord
  wRepeatCount . . . . . . . . .	 00000004	 Word
  wVirtualKeyCode  . . . . . . .	 00000006	 Word
  wVirtualScanCode . . . . . . .	 00000008	 Word
  uChar  . . . . . . . . . . . .	 0000000A	 Word
  UnicodeChar  . . . . . . . . .	 00000000	 Word
  AsciiChar  . . . . . . . . . .	 00000000	 Byte
  dwControlKeyState  . . . . . .	 0000000C	 DWord
  dwMousePosition  . . . . . . .	 00000000	 DWord
  dwButtonState  . . . . . . . .	 00000004	 DWord
  dwMouseControlKeyState . . . .	 00000008	 DWord
  dwEventFlags . . . . . . . . .	 0000000C	 DWord
  dwSize . . . . . . . . . . . .	 00000000	 DWord
  dwCommandId  . . . . . . . . .	 00000000	 DWord
  bSetFocus  . . . . . . . . . .	 00000000	 DWord
KEY_EVENT_RECORD . . . . . . . .	 00000010
  bKeyDown . . . . . . . . . . .	 00000000	 DWord
  wRepeatCount . . . . . . . . .	 00000004	 Word
  wVirtualKeyCode  . . . . . . .	 00000006	 Word
  wVirtualScanCode . . . . . . .	 00000008	 Word
  uChar  . . . . . . . . . . . .	 0000000A	 Word
  UnicodeChar  . . . . . . . . .	 00000000	 Word
  AsciiChar  . . . . . . . . . .	 00000000	 Byte
  dwControlKeyState  . . . . . .	 0000000C	 DWord
MENU_EVENT_RECORD  . . . . . . .	 00000004
  dwCommandId  . . . . . . . . .	 00000000	 DWord
MOUSE_EVENT_RECORD . . . . . . .	 00000010
  dwMousePosition  . . . . . . .	 00000000	 DWord
  dwButtonState  . . . . . . . .	 00000004	 DWord
  dwMouseControlKeyState . . . .	 00000008	 DWord
  dwEventFlags . . . . . . . . .	 0000000C	 DWord
SMALL_RECT . . . . . . . . . . .	 00000008
  Left . . . . . . . . . . . . .	 00000000	 Word
  Top  . . . . . . . . . . . . .	 00000002	 Word
  Right  . . . . . . . . . . . .	 00000004	 Word
  Bottom . . . . . . . . . . . .	 00000006	 Word
SYSTEMTIME . . . . . . . . . . .	 00000010
  wYear  . . . . . . . . . . . .	 00000000	 Word
  wMonth . . . . . . . . . . . .	 00000002	 Word
  wDayOfWeek . . . . . . . . . .	 00000004	 Word
  wDay . . . . . . . . . . . . .	 00000006	 Word
  wHour  . . . . . . . . . . . .	 00000008	 Word
  wMinute  . . . . . . . . . . .	 0000000A	 Word
  wSecond  . . . . . . . . . . .	 0000000C	 Word
  wMilliseconds  . . . . . . . .	 0000000E	 Word
WINDOW_BUFFER_SIZE_RECORD  . . .	 00000004
  dwSize . . . . . . . . . . . .	 00000000	 DWord


Segments and Groups:

                N a m e                 Size     Length   Align   Combine Class

FLAT . . . . . . . . . . . . . .	GROUP
STACK  . . . . . . . . . . . . .	32 Bit	 00001000 Para	  Stack	  'STACK'	 
_DATA  . . . . . . . . . . . . .	32 Bit	 000002DA Para	  Public  'DATA'	
_TEXT  . . . . . . . . . . . . .	32 Bit	 00000373 Para	  Public  'CODE'	


Procedures, parameters, and locals:

                N a m e                 Type     Value    Attr

CalculateAverage . . . . . . . .	P Near	 00000347 _TEXT	Length= 0000001B Public STDCALL
CalculateSum . . . . . . . . . .	P Near	 00000321 _TEXT	Length= 00000026 Public STDCALL
  _summation . . . . . . . . . .	L Near	 00000333 _TEXT	
CloseFile  . . . . . . . . . . .	P Near	 00000000 FLAT	Length= 00000000 External STDCALL
CloseHandle  . . . . . . . . . .	P Near	 00000000 FLAT	Length= 00000000 External STDCALL
Clrscr . . . . . . . . . . . . .	P Near	 00000000 FLAT	Length= 00000000 External STDCALL
CreateFileA  . . . . . . . . . .	P Near	 00000000 FLAT	Length= 00000000 External STDCALL
CreateOutputFile . . . . . . . .	P Near	 00000000 FLAT	Length= 00000000 External STDCALL
Crlf . . . . . . . . . . . . . .	P Near	 00000000 FLAT	Length= 00000000 External STDCALL
Delay  . . . . . . . . . . . . .	P Near	 00000000 FLAT	Length= 00000000 External STDCALL
DumpMem  . . . . . . . . . . . .	P Near	 00000000 FLAT	Length= 00000000 External STDCALL
DumpRegs . . . . . . . . . . . .	P Near	 00000000 FLAT	Length= 00000000 External STDCALL
ExitProcess  . . . . . . . . . .	P Near	 00000000 FLAT	Length= 00000000 External STDCALL
FileTimeToDosDateTime  . . . . .	P Near	 00000000 FLAT	Length= 00000000 External STDCALL
FileTimeToSystemTime . . . . . .	P Near	 00000000 FLAT	Length= 00000000 External STDCALL
FlushConsoleInputBuffer  . . . .	P Near	 00000000 FLAT	Length= 00000000 External STDCALL
FormatMessageA . . . . . . . . .	P Near	 00000000 FLAT	Length= 00000000 External STDCALL
GetCommandLineA  . . . . . . . .	P Near	 00000000 FLAT	Length= 00000000 External STDCALL
GetCommandTail . . . . . . . . .	P Near	 00000000 FLAT	Length= 00000000 External STDCALL
GetConsoleCP . . . . . . . . . .	P Near	 00000000 FLAT	Length= 00000000 External STDCALL
GetConsoleCursorInfo . . . . . .	P Near	 00000000 FLAT	Length= 00000000 External STDCALL
GetConsoleMode . . . . . . . . .	P Near	 00000000 FLAT	Length= 00000000 External STDCALL
GetConsoleScreenBufferInfo . . .	P Near	 00000000 FLAT	Length= 00000000 External STDCALL
GetDateTime  . . . . . . . . . .	P Near	 00000000 FLAT	Length= 00000000 External STDCALL
GetFileTime  . . . . . . . . . .	P Near	 00000000 FLAT	Length= 00000000 External STDCALL
GetKeyState  . . . . . . . . . .	P Near	 00000000 FLAT	Length= 00000000 External STDCALL
GetLastError . . . . . . . . . .	P Near	 00000000 FLAT	Length= 00000000 External STDCALL
GetLocalTime . . . . . . . . . .	P Near	 00000000 FLAT	Length= 00000000 External STDCALL
GetMaxXY . . . . . . . . . . . .	P Near	 00000000 FLAT	Length= 00000000 External STDCALL
GetMseconds  . . . . . . . . . .	P Near	 00000000 FLAT	Length= 00000000 External STDCALL
GetNumberOfConsoleInputEvents  .	P Near	 00000000 FLAT	Length= 00000000 External STDCALL
GetProcessHeap . . . . . . . . .	P Near	 00000000 FLAT	Length= 00000000 External STDCALL
GetStdHandle . . . . . . . . . .	P Near	 00000000 FLAT	Length= 00000000 External STDCALL
GetSystemTime  . . . . . . . . .	P Near	 00000000 FLAT	Length= 00000000 External STDCALL
GetTextColor . . . . . . . . . .	P Near	 00000000 FLAT	Length= 00000000 External STDCALL
GetTickCount . . . . . . . . . .	P Near	 00000000 FLAT	Length= 00000000 External STDCALL
Goodbye  . . . . . . . . . . . .	P Near	 00000362 _TEXT	Length= 00000011 Public STDCALL
Gotoxy . . . . . . . . . . . . .	P Near	 00000000 FLAT	Length= 00000000 External STDCALL
HeapAlloc  . . . . . . . . . . .	P Near	 00000000 FLAT	Length= 00000000 External STDCALL
HeapCreate . . . . . . . . . . .	P Near	 00000000 FLAT	Length= 00000000 External STDCALL
HeapDestroy  . . . . . . . . . .	P Near	 00000000 FLAT	Length= 00000000 External STDCALL
HeapFree . . . . . . . . . . . .	P Near	 00000000 FLAT	Length= 00000000 External STDCALL
HeapSize . . . . . . . . . . . .	P Near	 00000000 FLAT	Length= 00000000 External STDCALL
Introduction . . . . . . . . . .	P Near	 00000149 _TEXT	Length= 00000031 Public STDCALL
IsDigit  . . . . . . . . . . . .	P Near	 00000000 FLAT	Length= 00000000 External STDCALL
LocalFree  . . . . . . . . . . .	P Near	 00000000 FLAT	Length= 00000000 External STDCALL
MessageBoxA  . . . . . . . . . .	P Near	 00000000 FLAT	Length= 00000000 External STDCALL
MsgBoxAsk  . . . . . . . . . . .	P Near	 00000000 FLAT	Length= 00000000 External STDCALL
MsgBox . . . . . . . . . . . . .	P Near	 00000000 FLAT	Length= 00000000 External STDCALL
OpenInputFile  . . . . . . . . .	P Near	 00000000 FLAT	Length= 00000000 External STDCALL
ParseDecimal32 . . . . . . . . .	P Near	 00000000 FLAT	Length= 00000000 External STDCALL
ParseInteger32 . . . . . . . . .	P Near	 00000000 FLAT	Length= 00000000 External STDCALL
PeekConsoleInputA  . . . . . . .	P Near	 00000000 FLAT	Length= 00000000 External STDCALL
Random32 . . . . . . . . . . . .	P Near	 00000000 FLAT	Length= 00000000 External STDCALL
RandomRange  . . . . . . . . . .	P Near	 00000000 FLAT	Length= 00000000 External STDCALL
Randomize  . . . . . . . . . . .	P Near	 00000000 FLAT	Length= 00000000 External STDCALL
ReadChar . . . . . . . . . . . .	P Near	 00000000 FLAT	Length= 00000000 External STDCALL
ReadConsoleA . . . . . . . . . .	P Near	 00000000 FLAT	Length= 00000000 External STDCALL
ReadConsoleInputA  . . . . . . .	P Near	 00000000 FLAT	Length= 00000000 External STDCALL
ReadDec  . . . . . . . . . . . .	P Near	 00000000 FLAT	Length= 00000000 External STDCALL
ReadFile . . . . . . . . . . . .	P Near	 00000000 FLAT	Length= 00000000 External STDCALL
ReadFloat  . . . . . . . . . . .	P Near	 00000000 FLAT	Length= 00000000 External STDCALL
ReadFromFile . . . . . . . . . .	P Near	 00000000 FLAT	Length= 00000000 External STDCALL
ReadHex  . . . . . . . . . . . .	P Near	 00000000 FLAT	Length= 00000000 External STDCALL
ReadInt  . . . . . . . . . . . .	P Near	 00000000 FLAT	Length= 00000000 External STDCALL
ReadKeyFlush . . . . . . . . . .	P Near	 00000000 FLAT	Length= 00000000 External STDCALL
ReadKey  . . . . . . . . . . . .	P Near	 00000000 FLAT	Length= 00000000 External STDCALL
ReadString . . . . . . . . . . .	P Near	 00000000 FLAT	Length= 00000000 External STDCALL
ReadVal  . . . . . . . . . . . .	P Near	 0000017A _TEXT	Length= 000000EE Public STDCALL
  _firstTry  . . . . . . . . . .	L Near	 00000182 _TEXT	
  _tryAgain  . . . . . . . . . .	L Near	 000001A2 _TEXT	
  _setUp . . . . . . . . . . . .	L Near	 000001C0 _TEXT	
  _startConversionToSDWORD . . .	L Near	 000001C6 _TEXT	
  _noSymbolsContinueConversion .	L Near	 000001D1 _TEXT	
  _firstPassContinue . . . . . .	L Near	 000001D2 _TEXT	
  _continueConversionFromRangeCheck 	L Near	 000001F6 _TEXT	
  _continueConversionFromNegPosSign 	L Near	 000001FB _TEXT	
  _error . . . . . . . . . . . .	L Near	 0000020B _TEXT	
  _negate  . . . . . . . . . . .	L Near	 00000221 _TEXT	
  _performNegate . . . . . . . .	L Near	 0000022C _TEXT	
  _RangeCheck  . . . . . . . . .	L Near	 00000237 _TEXT	
  _checkRangeNegative  . . . . .	L Near	 00000243 _TEXT	
  _checkRangePositive  . . . . .	L Near	 0000024C _TEXT	
  _finish  . . . . . . . . . . .	L Near	 00000255 _TEXT	
SetConsoleCursorInfo . . . . . .	P Near	 00000000 FLAT	Length= 00000000 External STDCALL
SetConsoleCursorPosition . . . .	P Near	 00000000 FLAT	Length= 00000000 External STDCALL
SetConsoleMode . . . . . . . . .	P Near	 00000000 FLAT	Length= 00000000 External STDCALL
SetConsoleScreenBufferSize . . .	P Near	 00000000 FLAT	Length= 00000000 External STDCALL
SetConsoleTextAttribute  . . . .	P Near	 00000000 FLAT	Length= 00000000 External STDCALL
SetConsoleTitleA . . . . . . . .	P Near	 00000000 FLAT	Length= 00000000 External STDCALL
SetConsoleWindowInfo . . . . . .	P Near	 00000000 FLAT	Length= 00000000 External STDCALL
SetFilePointer . . . . . . . . .	P Near	 00000000 FLAT	Length= 00000000 External STDCALL
SetLocalTime . . . . . . . . . .	P Near	 00000000 FLAT	Length= 00000000 External STDCALL
SetTextColor . . . . . . . . . .	P Near	 00000000 FLAT	Length= 00000000 External STDCALL
ShowFPUStack . . . . . . . . . .	P Near	 00000000 FLAT	Length= 00000000 External STDCALL
Sleep  . . . . . . . . . . . . .	P Near	 00000000 FLAT	Length= 00000000 External STDCALL
StrLength  . . . . . . . . . . .	P Near	 00000000 FLAT	Length= 00000000 External STDCALL
Str_compare  . . . . . . . . . .	P Near	 00000000 FLAT	Length= 00000000 External STDCALL
Str_copy . . . . . . . . . . . .	P Near	 00000000 FLAT	Length= 00000000 External STDCALL
Str_length . . . . . . . . . . .	P Near	 00000000 FLAT	Length= 00000000 External STDCALL
Str_trim . . . . . . . . . . . .	P Near	 00000000 FLAT	Length= 00000000 External STDCALL
Str_ucase  . . . . . . . . . . .	P Near	 00000000 FLAT	Length= 00000000 External STDCALL
SystemTimeToFileTime . . . . . .	P Near	 00000000 FLAT	Length= 00000000 External STDCALL
WaitMsg  . . . . . . . . . . . .	P Near	 00000000 FLAT	Length= 00000000 External STDCALL
WriteBinB  . . . . . . . . . . .	P Near	 00000000 FLAT	Length= 00000000 External STDCALL
WriteBin . . . . . . . . . . . .	P Near	 00000000 FLAT	Length= 00000000 External STDCALL
WriteChar  . . . . . . . . . . .	P Near	 00000000 FLAT	Length= 00000000 External STDCALL
WriteConsoleA  . . . . . . . . .	P Near	 00000000 FLAT	Length= 00000000 External STDCALL
WriteConsoleOutputAttribute  . .	P Near	 00000000 FLAT	Length= 00000000 External STDCALL
WriteConsoleOutputCharacterA . .	P Near	 00000000 FLAT	Length= 00000000 External STDCALL
WriteDec . . . . . . . . . . . .	P Near	 00000000 FLAT	Length= 00000000 External STDCALL
WriteFile  . . . . . . . . . . .	P Near	 00000000 FLAT	Length= 00000000 External STDCALL
WriteFloat . . . . . . . . . . .	P Near	 00000000 FLAT	Length= 00000000 External STDCALL
WriteHexB  . . . . . . . . . . .	P Near	 00000000 FLAT	Length= 00000000 External STDCALL
WriteHex . . . . . . . . . . . .	P Near	 00000000 FLAT	Length= 00000000 External STDCALL
WriteInt . . . . . . . . . . . .	P Near	 00000000 FLAT	Length= 00000000 External STDCALL
WriteStackFrameName  . . . . . .	P Near	 00000000 FLAT	Length= 00000000 External STDCALL
WriteStackFrame  . . . . . . . .	P Near	 00000000 FLAT	Length= 00000000 External STDCALL
WriteString  . . . . . . . . . .	P Near	 00000000 FLAT	Length= 00000000 External STDCALL
WriteToFile  . . . . . . . . . .	P Near	 00000000 FLAT	Length= 00000000 External STDCALL
WriteVal . . . . . . . . . . . .	P Near	 00000268 _TEXT	Length= 000000B9 Public STDCALL
  _startConversionToPositiveASCII 	L Near	 0000027C _TEXT	
  _followingConversionLoops  . .	L Near	 00000289 _TEXT	
  _negativeSetUp . . . . . . . .	L Near	 000002AE _TEXT	
  _startConversionToNegativeASCII 	L Near	 000002B1 _TEXT	
  _followingConversionLoopsNeg .	L Near	 000002BE _TEXT	
  _reverseString . . . . . . . .	L Near	 000002F0 _TEXT	
  _reverseLoop . . . . . . . . .	L Near	 000002FE _TEXT	
  _printString . . . . . . . . .	L Near	 00000304 _TEXT	
  _finish  . . . . . . . . . . .	L Near	 0000030E _TEXT	
WriteWindowsMsg  . . . . . . . .	P Near	 00000000 FLAT	Length= 00000000 External STDCALL
main . . . . . . . . . . . . . .	P Near	 00000000 _TEXT	Length= 00000149 Public STDCALL
  _getInputLoop  . . . . . . . .	L Near	 00000019 _TEXT	
  _displayIntArrayASCII  . . . .	L Near	 00000073 _TEXT	
  _noComma . . . . . . . . . . .	L Near	 0000009D _TEXT	
printf . . . . . . . . . . . . .	P Near	 00000000 FLAT	Length= 00000000 External C
scanf  . . . . . . . . . . . . .	P Near	 00000000 FLAT	Length= 00000000 External C
wsprintfA  . . . . . . . . . . .	P Near	 00000000 FLAT	Length= 00000000 External C


Symbols:

                N a m e                 Type     Value    Attr

@CodeSize  . . . . . . . . . . .	Number	 00000000h   
@DataSize  . . . . . . . . . . .	Number	 00000000h   
@Interface . . . . . . . . . . .	Number	 00000003h   
@Model . . . . . . . . . . . . .	Number	 00000007h   
@code  . . . . . . . . . . . . .	Text   	 _TEXT
@data  . . . . . . . . . . . . .	Text   	 FLAT
@fardata?  . . . . . . . . . . .	Text   	 FLAT
@fardata . . . . . . . . . . . .	Text   	 FLAT
@stack . . . . . . . . . . . . .	Text   	 FLAT
ALT_MASK . . . . . . . . . . . .	Number	 00000003h   
CAPSLOCK_ON  . . . . . . . . . .	Number	 00000080h   
CREATE_ALWAYS  . . . . . . . . .	Number	 00000002h   
CREATE_NEW . . . . . . . . . . .	Number	 00000001h   
CTRL_MASK  . . . . . . . . . . .	Number	 0000000Ch   
CreateFile . . . . . . . . . . .	Text   	 CreateFileA
DO_NOT_SHARE . . . . . . . . . .	Number	 00000000h   
ENABLE_ECHO_INPUT  . . . . . . .	Number	 00000004h   
ENABLE_LINE_INPUT  . . . . . . .	Number	 00000002h   
ENABLE_MOUSE_INPUT . . . . . . .	Number	 00000010h   
ENABLE_PROCESSED_INPUT . . . . .	Number	 00000001h   
ENABLE_PROCESSED_OUTPUT  . . . .	Number	 00000001h   
ENABLE_WINDOW_INPUT  . . . . . .	Number	 00000008h   
ENABLE_WRAP_AT_EOL_OUTPUT  . . .	Number	 00000002h   
ENHANCED_KEY . . . . . . . . . .	Number	 00000100h   
FALSE  . . . . . . . . . . . . .	Number	 00000000h   
FIFTEEN  . . . . . . . . . . . .	Number	 0000000Fh   
FILE_APPEND_DATA . . . . . . . .	Number	 00000004h   
FILE_ATTRIBUTE_ARCHIVE . . . . .	Number	 00000020h   
FILE_ATTRIBUTE_COMPRESSED  . . .	Number	 00000800h   
FILE_ATTRIBUTE_DEVICE  . . . . .	Number	 00000040h   
FILE_ATTRIBUTE_DIRECTORY . . . .	Number	 00000010h   
FILE_ATTRIBUTE_ENCRYPTED . . . .	Number	 00004000h   
FILE_ATTRIBUTE_HIDDEN  . . . . .	Number	 00000002h   
FILE_ATTRIBUTE_NORMAL  . . . . .	Number	 00000080h   
FILE_ATTRIBUTE_NOT_CONTENT_INDEXED .	Number	 00002000h   
FILE_ATTRIBUTE_OFFLINE . . . . .	Number	 00001000h   
FILE_ATTRIBUTE_READONLY  . . . .	Number	 00000001h   
FILE_ATTRIBUTE_REPARSE_POINT . .	Number	 00000400h   
FILE_ATTRIBUTE_SPARSE_FILE . . .	Number	 00000200h   
FILE_ATTRIBUTE_SYSTEM  . . . . .	Number	 00000004h   
FILE_ATTRIBUTE_TEMPORARY . . . .	Number	 00000100h   
FILE_BEGIN . . . . . . . . . . .	Number	 00000000h   
FILE_CURRENT . . . . . . . . . .	Number	 00000001h   
FILE_DELETE_CHILD  . . . . . . .	Number	 00000040h   
FILE_END . . . . . . . . . . . .	Number	 00000002h   
FILE_READ_DATA . . . . . . . . .	Number	 00000001h   
FILE_SHARE_DELETE  . . . . . . .	Number	 00000004h   
FILE_SHARE_READ  . . . . . . . .	Number	 00000001h   
FILE_SHARE_WRITE . . . . . . . .	Number	 00000002h   
FILE_WRITE_DATA  . . . . . . . .	Number	 00000002h   
FOCUS_EVENT  . . . . . . . . . .	Number	 00000010h   
FORMAT_MESSAGE_ALLOCATE_BUFFER .	Number	 00000100h   
FORMAT_MESSAGE_FROM_SYSTEM . . .	Number	 00001000h   
FORTY_EIGHT  . . . . . . . . . .	Number	 00000030h   
FormatMessage  . . . . . . . . .	Text   	 FormatMessageA
GENERIC_ALL  . . . . . . . . . .	Number	 10000000h   
GENERIC_EXECUTE  . . . . . . . .	Number	 20000000h   
GENERIC_READ . . . . . . . . . .	Number	 -80000000h   
GENERIC_WRITE  . . . . . . . . .	Number	 40000000h   
GetCommandLine . . . . . . . . .	Text   	 GetCommandLineA
HANDLE . . . . . . . . . . . . .	Text   	 DWORD
HEAP_GENERATE_EXCEPTIONS . . . .	Number	 00000004h   
HEAP_GROWABLE  . . . . . . . . .	Number	 00000002h   
HEAP_NO_SERIALIZE  . . . . . . .	Number	 00000001h   
HEAP_REALLOC_IN_PLACE_ONLY . . .	Number	 00000010h   
HEAP_ZERO_MEMORY . . . . . . . .	Number	 00000008h   
HI_ASCII_DEC_NUM . . . . . . . .	Number	 00000039h   
HI_INT_SDWORD  . . . . . . . . .	Number	 7FFFFFFFh   
IDABORT  . . . . . . . . . . . .	Number	 00000003h   
IDCANCEL . . . . . . . . . . . .	Number	 00000002h   
IDCLOSE  . . . . . . . . . . . .	Number	 00000008h   
IDCONTINUE . . . . . . . . . . .	Number	 0000000Bh   
IDHELP . . . . . . . . . . . . .	Number	 00000009h   
IDIGNORE . . . . . . . . . . . .	Number	 00000005h   
IDNO . . . . . . . . . . . . . .	Number	 00000007h   
IDOK . . . . . . . . . . . . . .	Number	 00000001h   
IDRETRY  . . . . . . . . . . . .	Number	 00000004h   
IDTIMEOUT  . . . . . . . . . . .	Number	 00007D00h   
IDTRYAGAIN . . . . . . . . . . .	Number	 0000000Ah   
IDYES  . . . . . . . . . . . . .	Number	 00000006h   
INVALID_HANDLE_VALUE . . . . . .	Number	 -00000001h   
KBDOWN_FLAG  . . . . . . . . . .	Number	 00000001h   
KEY_EVENT  . . . . . . . . . . .	Number	 00000001h   
KEY_MASKS  . . . . . . . . . . .	Number	 0000001Fh   
LEFT_ALT_PRESSED . . . . . . . .	Number	 00000002h   
LEFT_CTRL_PRESSED  . . . . . . .	Number	 00000008h   
LO_ASCII_DEC_NUM . . . . . . . .	Number	 00000030h   
LO_INT_SDWORD  . . . . . . . . .	Number	 -80000000h   
MB_ABORTRETRYIGNORE  . . . . . .	Number	 00000002h   
MB_APPLMODAL . . . . . . . . . .	Number	 00000000h   
MB_CANCELTRYCONTINUE . . . . . .	Number	 00000006h   
MB_DEFBUTTON1  . . . . . . . . .	Number	 00000000h   
MB_DEFBUTTON2  . . . . . . . . .	Number	 00000100h   
MB_DEFBUTTON3  . . . . . . . . .	Number	 00000200h   
MB_DEFBUTTON4  . . . . . . . . .	Number	 00000300h   
MB_HELP  . . . . . . . . . . . .	Number	 00004000h   
MB_ICONASTERISK  . . . . . . . .	Number	 00000040h   
MB_ICONERROR . . . . . . . . . .	Number	 00000010h   
MB_ICONEXCLAMATION . . . . . . .	Number	 00000030h   
MB_ICONHAND  . . . . . . . . . .	Number	 00000010h   
MB_ICONINFORMATION . . . . . . .	Number	 00000040h   
MB_ICONQUESTION  . . . . . . . .	Number	 00000020h   
MB_ICONSTOP  . . . . . . . . . .	Number	 00000010h   
MB_ICONWARNING . . . . . . . . .	Number	 00000030h   
MB_OKCANCEL  . . . . . . . . . .	Number	 00000001h   
MB_OK  . . . . . . . . . . . . .	Number	 00000000h   
MB_RETRYCANCEL . . . . . . . . .	Number	 00000005h   
MB_SYSTEMMODAL . . . . . . . . .	Number	 00001000h   
MB_TASKMODAL . . . . . . . . . .	Number	 00002000h   
MB_USERICON  . . . . . . . . . .	Number	 00000080h   
MB_YESNOCANCEL . . . . . . . . .	Number	 00000003h   
MB_YESNO . . . . . . . . . . . .	Number	 00000004h   
MENU_EVENT . . . . . . . . . . .	Number	 00000008h   
MOUSE_EVENT  . . . . . . . . . .	Number	 00000002h   
MessageBox . . . . . . . . . . .	Text   	 MessageBoxA
NEG_SIGN . . . . . . . . . . . .	Number	 0000002Dh   
NINE . . . . . . . . . . . . . .	Number	 00000009h   
NULL . . . . . . . . . . . . . .	Number	 00000000h   
NUMLOCK_ON . . . . . . . . . . .	Number	 00000020h   
ONE  . . . . . . . . . . . . . .	Number	 00000001h   
OPEN_ALWAYS  . . . . . . . . . .	Number	 00000004h   
OPEN_EXISTING  . . . . . . . . .	Number	 00000003h   
POS_SIGN . . . . . . . . . . . .	Number	 0000002Bh   
PeekConsoleInput . . . . . . . .	Text   	 PeekConsoleInputA
QUESTION . . . . . . . . . . . .	Number	 0000003Fh   
RIGHT_ALT_PRESSED  . . . . . . .	Number	 00000001h   
RIGHT_CTRL_PRESSED . . . . . . .	Number	 00000004h   
ReadConsoleInput . . . . . . . .	Text   	 ReadConsoleInputA
ReadConsole  . . . . . . . . . .	Text   	 ReadConsoleA
SCROLLLOCK_ON  . . . . . . . . .	Number	 00000040h   
SHIFT_MASK . . . . . . . . . . .	Number	 00000010h   
SHIFT_PRESSED  . . . . . . . . .	Number	 00000010h   
STD_ERROR_HANDLE . . . . . . . .	Number	 -0000000Ch   
STD_INPUT_HANDLE . . . . . . . .	Number	 -0000000Ah   
STD_OUTPUT_HANDLE  . . . . . . .	Number	 -0000000Bh   
SetConsoleTitle  . . . . . . . .	Text   	 SetConsoleTitleA
TAB  . . . . . . . . . . . . . .	Number	 00000009h   
TEN  . . . . . . . . . . . . . .	Number	 0000000Ah   
TRUE . . . . . . . . . . . . . .	Number	 00000001h   
TRUNCATE_EXISTING  . . . . . . .	Number	 00000005h   
VK_11  . . . . . . . . . . . . .	Number	 000000BDh   
VK_12  . . . . . . . . . . . . .	Number	 000000BBh   
VK_ADD . . . . . . . . . . . . .	Number	 0000006Bh   
VK_BACK  . . . . . . . . . . . .	Number	 00000008h   
VK_CANCEL  . . . . . . . . . . .	Number	 00000003h   
VK_CAPITAL . . . . . . . . . . .	Number	 00000014h   
VK_CLEAR . . . . . . . . . . . .	Number	 0000000Ch   
VK_CONTROL . . . . . . . . . . .	Number	 00000011h   
VK_DECIMAL . . . . . . . . . . .	Number	 0000006Eh   
VK_DELETE  . . . . . . . . . . .	Number	 0000002Eh   
VK_DIVIDE  . . . . . . . . . . .	Number	 0000006Fh   
VK_DOWN  . . . . . . . . . . . .	Number	 00000028h   
VK_END . . . . . . . . . . . . .	Number	 00000023h   
VK_ESCAPE  . . . . . . . . . . .	Number	 0000001Bh   
VK_EXECUTE . . . . . . . . . . .	Number	 0000002Bh   
VK_F10 . . . . . . . . . . . . .	Number	 00000079h   
VK_F11 . . . . . . . . . . . . .	Number	 0000007Ah   
VK_F12 . . . . . . . . . . . . .	Number	 0000007Bh   
VK_F13 . . . . . . . . . . . . .	Number	 0000007Ch   
VK_F14 . . . . . . . . . . . . .	Number	 0000007Dh   
VK_F15 . . . . . . . . . . . . .	Number	 0000007Eh   
VK_F16 . . . . . . . . . . . . .	Number	 0000007Fh   
VK_F17 . . . . . . . . . . . . .	Number	 00000080h   
VK_F18 . . . . . . . . . . . . .	Number	 00000081h   
VK_F19 . . . . . . . . . . . . .	Number	 00000082h   
VK_F1  . . . . . . . . . . . . .	Number	 00000070h   
VK_F20 . . . . . . . . . . . . .	Number	 00000083h   
VK_F21 . . . . . . . . . . . . .	Number	 00000084h   
VK_F22 . . . . . . . . . . . . .	Number	 00000085h   
VK_F23 . . . . . . . . . . . . .	Number	 00000086h   
VK_F24 . . . . . . . . . . . . .	Number	 00000087h   
VK_F2  . . . . . . . . . . . . .	Number	 00000071h   
VK_F3  . . . . . . . . . . . . .	Number	 00000072h   
VK_F4  . . . . . . . . . . . . .	Number	 00000073h   
VK_F5  . . . . . . . . . . . . .	Number	 00000074h   
VK_F6  . . . . . . . . . . . . .	Number	 00000075h   
VK_F7  . . . . . . . . . . . . .	Number	 00000076h   
VK_F8  . . . . . . . . . . . . .	Number	 00000077h   
VK_F9  . . . . . . . . . . . . .	Number	 00000078h   
VK_HELP  . . . . . . . . . . . .	Number	 0000002Fh   
VK_HOME  . . . . . . . . . . . .	Number	 00000024h   
VK_INSERT  . . . . . . . . . . .	Number	 0000002Dh   
VK_LBUTTON . . . . . . . . . . .	Number	 00000001h   
VK_LCONTROL  . . . . . . . . . .	Number	 000000A2h   
VK_LEFT  . . . . . . . . . . . .	Number	 00000025h   
VK_LMENU . . . . . . . . . . . .	Number	 000000A4h   
VK_LSHIFT  . . . . . . . . . . .	Number	 000000A0h   
VK_MENU  . . . . . . . . . . . .	Number	 00000012h   
VK_MULTIPLY  . . . . . . . . . .	Number	 0000006Ah   
VK_NEXT  . . . . . . . . . . . .	Number	 00000022h   
VK_NUMLOCK . . . . . . . . . . .	Number	 00000090h   
VK_NUMPAD0 . . . . . . . . . . .	Number	 00000060h   
VK_NUMPAD1 . . . . . . . . . . .	Number	 00000061h   
VK_NUMPAD2 . . . . . . . . . . .	Number	 00000062h   
VK_NUMPAD3 . . . . . . . . . . .	Number	 00000063h   
VK_NUMPAD4 . . . . . . . . . . .	Number	 00000064h   
VK_NUMPAD5 . . . . . . . . . . .	Number	 00000065h   
VK_NUMPAD6 . . . . . . . . . . .	Number	 00000066h   
VK_NUMPAD7 . . . . . . . . . . .	Number	 00000067h   
VK_NUMPAD8 . . . . . . . . . . .	Number	 00000068h   
VK_NUMPAD9 . . . . . . . . . . .	Number	 00000069h   
VK_PAUSE . . . . . . . . . . . .	Number	 00000013h   
VK_PRINT . . . . . . . . . . . .	Number	 0000002Ah   
VK_PRIOR . . . . . . . . . . . .	Number	 00000021h   
VK_RBUTTON . . . . . . . . . . .	Number	 00000002h   
VK_RCONTROL  . . . . . . . . . .	Number	 000000A3h   
VK_RETURN  . . . . . . . . . . .	Number	 0000000Dh   
VK_RIGHT . . . . . . . . . . . .	Number	 00000027h   
VK_RMENU . . . . . . . . . . . .	Number	 000000A5h   
VK_RSHIFT  . . . . . . . . . . .	Number	 000000A1h   
VK_SCROLL  . . . . . . . . . . .	Number	 00000091h   
VK_SEPARATER . . . . . . . . . .	Number	 0000006Ch   
VK_SHIFT . . . . . . . . . . . .	Number	 00000010h   
VK_SNAPSHOT  . . . . . . . . . .	Number	 0000002Ch   
VK_SPACE . . . . . . . . . . . .	Number	 00000020h   
VK_SUBTRACT  . . . . . . . . . .	Number	 0000006Dh   
VK_TAB . . . . . . . . . . . . .	Number	 00000009h   
VK_UP  . . . . . . . . . . . . .	Number	 00000026h   
WINDOW_BUFFER_SIZE_EVENT . . . .	Number	 00000004h   
WriteConsoleOutputCharacter  . .	Text   	 WriteConsoleOutputCharacterA
WriteConsole . . . . . . . . . .	Text   	 WriteConsoleA
ZERO . . . . . . . . . . . . . .	Number	 00000000h   
average  . . . . . . . . . . . .	DWord	 000002B1 _DATA	
black  . . . . . . . . . . . . .	Number	 00000000h   
blue . . . . . . . . . . . . . .	Number	 00000001h   
brown  . . . . . . . . . . . . .	Number	 00000006h   
byteCount  . . . . . . . . . . .	DWord	 00000271 _DATA	
comma  . . . . . . . . . . . . .	Byte	 000002B5 _DATA	
cyan . . . . . . . . . . . . . .	Number	 00000003h   
errorMessage . . . . . . . . . .	Byte	 000001A3 _DATA	
exit . . . . . . . . . . . . . .	Text   	 INVOKE ExitProcess,0
goodbyeMessage . . . . . . . . .	Byte	 0000021F _DATA	
gray . . . . . . . . . . . . . .	Number	 00000008h   
green  . . . . . . . . . . . . .	Number	 00000002h   
inString . . . . . . . . . . . .	Byte	 000002B8 _DATA	
intArray . . . . . . . . . . . .	DWord	 0000027D _DATA	
intLength  . . . . . . . . . . .	DWord	 000002D6 _DATA	
lengthIntArray . . . . . . . . .	DWord	 000002A5 _DATA	
lightBlue  . . . . . . . . . . .	Number	 00000009h   
lightCyan  . . . . . . . . . . .	Number	 0000000Bh   
lightGray  . . . . . . . . . . .	Number	 00000007h   
lightGreen . . . . . . . . . . .	Number	 0000000Ah   
lightMagenta . . . . . . . . . .	Number	 0000000Dh   
lightRed . . . . . . . . . . . .	Number	 0000000Ch   
magenta  . . . . . . . . . . . .	Number	 00000005h   
maxCharUserNum . . . . . . . . .	DWord	 0000026D _DATA	
negate . . . . . . . . . . . . .	DWord	 00000275 _DATA	
outString  . . . . . . . . . . .	Byte	 000002C7 _DATA	
programDescription . . . . . . .	Byte	 00000041 _DATA	
programTitle . . . . . . . . . .	Byte	 00000000 _DATA	
red  . . . . . . . . . . . . . .	Number	 00000004h   
secondUserPrompt . . . . . . . .	Byte	 00000197 _DATA	
sum  . . . . . . . . . . . . . .	DWord	 000002AD _DATA	
tempHoldAL . . . . . . . . . . .	DWord	 00000279 _DATA	
typeIntArray . . . . . . . . . .	DWord	 000002A9 _DATA	
userAverage  . . . . . . . . . .	Byte	 0000020F _DATA	
userEntered  . . . . . . . . . .	Byte	 000001F5 _DATA	
userNum  . . . . . . . . . . . .	Byte	 0000025E _DATA	
userPrompt . . . . . . . . . . .	Byte	 0000017B _DATA	
userSum  . . . . . . . . . . . .	Byte	 00000203 _DATA	
white  . . . . . . . . . . . . .	Number	 0000000Fh   
wsprintf . . . . . . . . . . . .	Text   	 wsprintfA
yellow . . . . . . . . . . . . .	Number	 0000000Eh   

	   0 Warnings
	   0 Errors
